// Jest Snapshot v1, https://goo.gl/fbAQLP

exports[`Timeline should render correctly 1`] = `
<Fragment>
  <h3>
    Word Frequency Timeline
  </h3>
  <div
    className="makeStyles-container-1"
  >
    <Form
      buttonText="Submit"
      formData={
        Array [
          Object {
            "label": "Words",
            "name": "words",
            "required": true,
          },
          Object {
            "label": "Year from",
            "name": "year_from",
            "required": true,
          },
          Object {
            "label": "Year to",
            "name": "year_to",
            "required": true,
          },
        ]
      }
      onSubmit={[Function]}
    />
    <WithStyles(ForwardRef(FormControlLabel))
      control={
        <ForwardRef(WithStyles)
          checked={false}
          color="primary"
          onChange={[Function]}
          value="absolute"
        />
      }
      label="Display absolute"
    />
    <LineCharts
      datasets={Array []}
      displayAbsolute={false}
      tooltipItems={
        Array [
          Object {
            "key": "freq",
            "title": "freq",
          },
          Object {
            "key": "count",
            "title": "count",
          },
          Object {
            "key": "rank",
            "title": "rank",
          },
        ]
      }
      xAxisKey="year"
      yAxisKey="freq"
    />
  </div>
</Fragment>
`;
