// Jest Snapshot v1, https://goo.gl/fbAQLP

exports[`Timeline should render correctly 1`] = `
<Fragment>
  <h3>
    Latent association over time
  </h3>
  <div
    className="makeStyles-container-6"
  >
    <Form
      buttonText="Submit"
      formData={
        Array [
          Object {
            "label": "Concept 1",
            "name": "concept_1",
            "required": true,
          },
          Object {
            "label": "Concept 2",
            "name": "concept_2",
            "required": true,
          },
          Object {
            "label": "Year from",
            "name": "year_from",
            "required": true,
          },
          Object {
            "label": "Year to",
            "name": "year_to",
            "required": true,
          },
        ]
      }
      onSubmit={[Function]}
    />
  </div>
</Fragment>
`;
