// Jest Snapshot v1, https://goo.gl/fbAQLP

exports[`Timeline should render correctly 1`] = `
<Fragment>
  <h3>
    Sentiment Over Timeline
  </h3>
  <div
    className="makeStyles-container-1"
  >
    <Form
      buttonText="Submit"
      formData={
        Array [
          Object {
            "label": "Words",
            "name": "words",
            "required": true,
          },
          Object {
            "label": "Year from",
            "name": "year_from",
            "required": true,
          },
          Object {
            "label": "Year to",
            "name": "year_to",
            "required": true,
          },
        ]
      }
      onSubmit={[Function]}
    />
    <LineCharts
      datasets={Array []}
      tooltipItems={
        Array [
          Object {
            "key": "sentiment",
            "title": "Sentiment",
          },
        ]
      }
      xAxisKey="year"
      yAxisKey="sentiment"
    />
  </div>
</Fragment>
`;
