// Jest Snapshot v1, https://goo.gl/fbAQLP

exports[`Timeline should render correctly 1`] = `
<Fragment>
  <h3>
    Word Frequency Timeline
  </h3>
  <div
    className="makeStyles-container-1"
  >
    <Form
      onSubmitHandler={[Function]}
    />
    <LineCharts
      chartDatasets={Array []}
    />
  </div>
</Fragment>
`;
