// Jest Snapshot v1, https://goo.gl/fbAQLP

exports[`Form renders correctly 1`] = `
<form
  className="makeStyles-form-1"
  onSubmit={[Function]}
>
  <WithStyles(ForwardRef(FormControl))
    className="makeStyles-formControl-3"
  >
    <WithStyles(ForwardRef(TextField))
      label="Word:"
      margin="normal"
      name="word"
      onChange={[Function]}
      value=""
    />
  </WithStyles(ForwardRef(FormControl))>
  <WithStyles(ForwardRef(FormControl))
    className="makeStyles-formControl-3"
  >
    <WithStyles(ForwardRef(TextField))
      label="Year from:"
      margin="normal"
      name="year-from"
      onChange={[Function]}
      value=""
    />
  </WithStyles(ForwardRef(FormControl))>
  <WithStyles(ForwardRef(FormControl))
    className="makeStyles-formControl-3"
  >
    <WithStyles(ForwardRef(TextField))
      label="Year to:"
      margin="normal"
      name="year-to"
      onChange={[Function]}
      value=""
    />
  </WithStyles(ForwardRef(FormControl))>
  <WithStyles(ForwardRef(Button))
    className="makeStyles-button-4"
    color="primary"
    type="submit"
    variant="outlined"
  >
    Submit
  </WithStyles(ForwardRef(Button))>
</form>
`;
